[x-rise.net/index.html]
[x-rise.net/css/main.css]
[backblue.gif]
[fade.gif]
[index.html]
[x-rise.net/images/logo.png]
[x-rise.net/images/about/1.png]
[x-rise.net/images/icons/roadmap.png]
[x-rise.net/images/about/2.png]
[x-rise.net/images/icons/cube.png]
[x-rise.net/images/icons/play.png]
[x-rise.net/images/roadmap/1.png]
[x-rise.net/images/icons/partnership.png]
[x-rise.net/images/roadmap/2.png]
[x-rise.net/images/roadmap/3.png]
[x-rise.net/images/icons/campaign.png]
[x-rise.net/images/roadmap/4.png]
[x-rise.net/images/icons/listing.png]
[x-rise.net/images/roadmap/5.png]
[x-rise.net/images/icons/marketcap.png]
[x-rise.net/images/roadmap/6.png]
[x-rise.net/images/icons/search.png]
[x-rise.net/images/secure/1.png]
[x-rise.net/images/icons/secure.png]
[x-rise.net/images/secure/2.png]
[x-rise.net/images/icons/identity.png]
[x-rise.net/images/secure/3.png]
[x-rise.net/images/icons/privacy.png]
[x-rise.net/js/main.js]
[x-rise.net/index.html]
[x-rise.net/css/main.css]
